min_max_report
Startpoint: _46_ (rising edge-triggered flip-flop clocked by clk)
Endpoint: _46_ (rising edge-triggered flip-flop clocked by clk)
Path Group: clk
Path Type: min

Fanout     Cap    Slew   Delay    Time   Description
-----------------------------------------------------------------------------
                  0.00    0.00    0.00   clock clk (rise edge)
                          0.00    0.00   clock network delay (ideal)
                  0.00    0.00    0.00 ^ _46_/CLK (sky130_fd_sc_hd__dfxtp_2)
                  0.06    0.23    0.23 v _46_/Q (sky130_fd_sc_hd__dfxtp_2)
     4    0.03                           out[0] (net)
                  0.06    0.00    0.23 v _26_/A (sky130_fd_sc_hd__inv_2)
                  0.03    0.04    0.27 ^ _26_/Y (sky130_fd_sc_hd__inv_2)
     2    0.00                           _00_ (net)
                  0.03    0.00    0.27 ^ _42_/A0 (sky130_fd_sc_hd__mux2_1)
                  0.02    0.06    0.34 ^ _42_/X (sky130_fd_sc_hd__mux2_1)
     1    0.00                           _08_ (net)
                  0.02    0.00    0.34 ^ _25_/B_N (sky130_fd_sc_hd__nor2b_2)
                  0.04    0.07    0.40 ^ _25_/Y (sky130_fd_sc_hd__nor2b_2)
     1    0.00                           _12_ (net)
                  0.04    0.00    0.40 ^ _46_/D (sky130_fd_sc_hd__dfxtp_2)
                                  0.40   data arrival time

                  0.00    0.00    0.00   clock clk (rise edge)
                          0.00    0.00   clock network delay (ideal)
                          0.00    0.00   clock reconvergence pessimism
                                  0.00 ^ _46_/CLK (sky130_fd_sc_hd__dfxtp_2)
                         -0.02   -0.02   library hold time
                                 -0.02   data required time
-----------------------------------------------------------------------------
                                 -0.02   data required time
                                 -0.40   data arrival time
-----------------------------------------------------------------------------
                                  0.42   slack (MET)


Startpoint: _46_ (rising edge-triggered flip-flop clocked by clk)
Endpoint: _49_ (rising edge-triggered flip-flop clocked by clk)
Path Group: clk
Path Type: max

Fanout     Cap    Slew   Delay    Time   Description
-----------------------------------------------------------------------------
                  0.00    0.00    0.00   clock clk (rise edge)
                          0.00    0.00   clock network delay (ideal)
                  0.00    0.00    0.00 ^ _46_/CLK (sky130_fd_sc_hd__dfxtp_2)
                  0.15    0.69    0.69 v _46_/Q (sky130_fd_sc_hd__dfxtp_2)
     4    0.03                           out[0] (net)
                  0.15    0.00    0.69 v _28_/A (sky130_fd_sc_hd__or2_2)
                  0.15    0.74    1.44 v _28_/X (sky130_fd_sc_hd__or2_2)
     3    0.01                           _16_ (net)
                  0.15    0.00    1.44 v _32_/B (sky130_fd_sc_hd__or2_2)
                  0.13    0.67    2.11 v _32_/X (sky130_fd_sc_hd__or2_2)
     3    0.01                           _18_ (net)
                  0.13    0.00    2.11 v _38_/B2 (sky130_fd_sc_hd__o2bb2a_2)
                  0.07    0.51    2.62 v _38_/X (sky130_fd_sc_hd__o2bb2a_2)
     1    0.00                           _06_ (net)
                  0.07    0.00    2.62 v _45_/A0 (sky130_fd_sc_hd__mux2_1)
                  0.10    0.61    3.23 v _45_/X (sky130_fd_sc_hd__mux2_1)
     1    0.00                           _11_ (net)
                  0.10    0.00    3.23 v _41_/B_N (sky130_fd_sc_hd__nor2b_2)
                  0.06    0.31    3.54 v _41_/Y (sky130_fd_sc_hd__nor2b_2)
     1    0.00                           _15_ (net)
                  0.06    0.00    3.54 v _49_/D (sky130_fd_sc_hd__dfxtp_2)
                                  3.54   data arrival time

                  0.00   10.00   10.00   clock clk (rise edge)
                          0.00   10.00   clock network delay (ideal)
                          0.00   10.00   clock reconvergence pessimism
                                 10.00 ^ _49_/CLK (sky130_fd_sc_hd__dfxtp_2)
                         -0.28    9.72   library setup time
                                  9.72   data required time
-----------------------------------------------------------------------------
                                  9.72   data required time
                                 -3.54   data arrival time
-----------------------------------------------------------------------------
                                  6.18   slack (MET)


